(ARCTools Version 2.1.2)
 HexLoc     DecLoc    MachWord   Label        Instruction                Comment
                                              .org 2048                  
00000800  0000002048            prog:                                    
00000804  0000002052  dc002828                ld [2088], %r14            !Le asigno un valor con sentido al stack
00000808  0000002056  c4002824                ld [2084], %r2             !Agrego el número a calcular el módulo
                                                                         
0000080c  0000002060  9c03bffc                add %r14, -4, %r14         !Muevo la pila
00000810  0000002064  c4238000                st %r2, %r14               !Agrego el número a la pila
                                                                         
00000814  0000002068  bc03c000                add %r15, %r0, %r30        !Me guardo el %r15 para no perder la referencia a quien me llamó
00000818  0000002072  40000005                call 5                     !Llamo a la subrutina correspondiente
                                                                         
0000081c  0000002076  c4038000                ld %r14, %r2               !Agrego el resultado en %r1 para luego trabajarlo
                                                                         
00000820  0000002080  81c7a004                jmpl %r30, 4, %r0          !Vuelvo.
                                                                         
00000824  0000002084  fffffff1  n1:                                      
00000828  0000002088  00001770  stackPointer:                             !Es para asignar un valor a r14 y que tenga sentido pasar cosas por el stack.
                                                                         
                                                                         !Esta función recibe un número en complemento a 2 por la pila y devuelve en la misma posición de la pila su valor absoluto.
                                                                         !Esta función utiliza el registro 1. Este será sobreescrito.
                                                                         
0000082c  0000002092            compl2_a_absoluto:                             
                                                                         
00000830  0000002096  c2038000                ld %r14, %r1               !Me cargo el valor a utilizar en r1
00000834  0000002100  82804000                addcc %r1, %r0, %r1        !Agrego los flags para mi número
00000838  0000002104  0c800002                bneg 2                     !Si es negativo saltá a nega
                                                                         
0000083c  0000002108  81c3e004  posi:         jmpl %r15, 4, %r0          !Vuelvo.
00000840  0000002112  82200001  nega:         sub %r0, %r1, %r1          !Niego el número para conseguir su complemento
00000844  0000002116  c2238000                st %r1, %r14               !Lo guardo en la pila.
00000848  0000002120  10bffffd                ba -3                      !Salta a posi, que es volver.
                                                                         

--- Symbol Table ---
nega: 2112
stackPointer: 2088
posi: 2108
n1: 2084
prog: 2048
compl2_a_absoluto: 2092
