(ARCTools Version 2.1.2)
 HexLoc     DecLoc    MachWord   Label        Instruction                Comment
                                              .org 2048                  
                                              .equ 1000                  
00000800  0000002048  9c0023e8                add %r0, 1000, %r14        !Dejo al stack en un valor con sentido.
                                                                         
00000804  0000002052  c200282c                ld [2092], %r1             !Cargo n1 en r1.
00000808  0000002056  c4002830                ld [2096], %r2             !Cargo n2 en r2.
                                                                         
0000080c  0000002060  9c03bffc                add %r14, -4, %r14         
00000810  0000002064  c2238000                st %r1, %r14               
00000814  0000002068  9c03bffc                add %r14, -4, %r14         
00000818  0000002072  c4238000                st %r2, %r14               
                                                                         
0000081c  0000002076  bc03c000                add %r15, %r0, %r30        !Me guardo el r15 en r30 para no perder la referencia.
00000820  0000002080  40000005                call 5                     !Hago el llamado a la subrutina para saber si son sumables
                                                                         
00000824  0000002084  9c03a00c                add %r14, 12, %r14         
00000828  0000002088  81c7a004                jmpl %r30, 4, %r0          
                                                                         
                                                                         
0000082c  0000002092  7fffffff  n1:                                      
00000830  0000002096  0ccccccc  n2:                                      
                                                                         
                                                                         !Utiliza los registro %r22 y %r23 Estos se veran sobreescritos.
00000834  0000002100            es_suma_valida:                             
                                                                         
00000838  0000002104  ec038000                ld %r14, %r22              
0000083c  0000002108  ee03a004                ld %r14, [4], %r23         
00000840  0000002112  ae858017                addcc %r22, %r23, %r23     
00000844  0000002116  0e800003                bvs 3                      
                                                                         
00000848  0000002120            return:                                  
0000084c  0000002124  81c3e004                jmpl %r15, 4, %r0          
                                                                         
00000850  0000002128            overFlow:                                
00000854  0000002132  9c03bffc                add %r14, -4, %r14         
00000858  0000002136  ac003fff                add %r0, -1, %r22          
0000085c  0000002140  ec238000                st %r22, %r14              
00000860  0000002144  10bffffa                ba -6                      
00000864  0000002148            noOverFlow:                              
                                                                         
00000868  0000002152  9c03bffc                add %r14, -4, %r14         
0000086c  0000002156  c0238000                st %r0, %r14               
00000870  0000002160  10bffff6                ba -10                     

--- Symbol Table ---
stack: 1000
return: 2120
n2: 2096
es_suma_valida: 2100
n1: 2092
overFlow: 2128
noOverFlow: 2148
